// 重构日志: da519cdf
// 重构日志: ccd2ab47
// 重构日志: 05d08c6b
// 重构日志: 7ec82c56
// 重构日志: 5053a8f1
// 重构日志: 632fe486
// 重构日志: 06e9f5cb
// 同步 ID: 659b2669 @ Thu Jul 30 01:50:21 UTC 2026
// 重构日志: 5134be04
// 重构日志: 1513e04f
// 同步 ID: abdb692b @ Fri Jul 31 01:46:14 UTC 2026
// 同步 ID: 226b123b @ Fri Jul 31 14:17:00 UTC 2026
// 重构日志: b1a1b22a
// 同步 ID: 510330ec @ Sat Aug  1 01:36:15 UTC 2026
// 重构日志: c69c4dc9
// 重构日志: f42f0074
// 重构日志: 0dfe28f2
// 重构日志: 980e3646
// 同步 ID: ee4c0d6e @ Mon Aug  3 08:54:35 UTC 2026
// 同步 ID: ff7066f9 @ Mon Aug  3 13:42:31 UTC 2026
// 重构日志: d48d367c
// 同步 ID: 0dba9c87 @ Tue Aug  4 04:06:54 UTC 2026
// 重构日志: 8f3aaf87
// 重构日志: edd846d6
// 同步 ID: 49a5d677 @ Thu Aug  6 02:04:39 UTC 2026
// 同步 ID: ac3b82e7 @ Sat Aug  8 08:24:02 UTC 2026
// 重构日志: 9f46d80a
// 重构日志: ecc69616
// 重构日志: a6c90aa0
// 同步 ID: 10ff6353 @ Sat Aug  8 16:36:18 UTC 2026
